<html>
<body>
<pre>
<h1>µVision Build Log</h1>
<h2>Project:</h2>
C:\Users\sam\Desktop\led\led.uvproj
Project File Date:  06/03/2017

<h2>Output:</h2>
Build target 'Target 1'
assembling Startup.s...
compiling main.c...
main.c(39): warning:  #111-D: statement is unreachable
main.c(40): warning:  #1-D: last line of file ends without a newline
linking...
Program Size: Code=920 RO-data=16 RW-data=0 ZI-data=1256  
FromELF: creating hex file...
"led.axf" - 0 Error(s), 2 Warning(s).
Build target 'Target 1'
assembling Startup.s...
compiling main.c...
main.c(39): warning:  #111-D: statement is unreachable
main.c(40): warning:  #1-D: last line of file ends without a newline
linking...
Program Size: Code=956 RO-data=16 RW-data=0 ZI-data=1256  
FromELF: creating hex file...
"led.axf" - 0 Error(s), 2 Warning(s).
