<html>
<body>
<pre>
<h1>µVision Build Log</h1>
<h2>Project:</h2>
D:\Testing\LPC2148 USB Powered Development  board\Codes\UART0 COMM 9600\UART0_COMM_9600.uvproj
Project File Date:  04/08/2015

<h2>Output:</h2>
Build target 'Target 1'
assembling Startup.s...
compiling main.c...
main.c(134): warning:  #111-D: statement is unreachable
main.c(135): warning:  #1-D: last line of file ends without a newline
linking...
Program Size: Code=1020 RO-data=132 RW-data=0 ZI-data=1256  
FromELF: creating hex file...
User command #1: fromelf --bin .\UART0_COMM_9600.axf -o .\UART0_COMM_9600.bin
"UART0_COMM_9600.axf" - 0 Error(s), 2 Warning(s).
Build target 'Target 1'
linking...
Program Size: Code=1020 RO-data=132 RW-data=0 ZI-data=1256  
FromELF: creating hex file...
User command #1: fromelf --bin .\UART0_COMM_9600.axf -o .\UART0_COMM_9600.bin
"UART0_COMM_9600.axf" - 0 Error(s), 0 Warning(s).
