<html>
<body>
<pre>
<h1>µVision Build Log</h1>
<h2>Project:</h2>
C:\Users\sam\Desktop\ledchase\ledchase.uvproj
Project File Date:  06/06/2017

<h2>Output:</h2>
Clean started: Project: 'ledchase'
   deleting intermediate output files for target 'Target 1'
Build target 'Target 1'
assembling Startup.s...
compiling main.c...
main.c(36): warning:  #1-D: last line of file ends without a newline
linking...
Program Size: Code=920 RO-data=16 RW-data=0 ZI-data=1256  
FromELF: creating hex file...
"ledchase.axf" - 0 Error(s), 1 Warning(s).
Build target 'Target 1'
assembling Startup.s...
compiling main.c...
main.c(36): warning:  #1-D: last line of file ends without a newline
linking...
Program Size: Code=920 RO-data=16 RW-data=0 ZI-data=1256  
FromELF: creating hex file...
"ledchase.axf" - 0 Error(s), 1 Warning(s).
