<html>
<body>
<pre>
<h1>µVision Build Log</h1>
<h2>Project:</h2>
D:\Testing\LPC2148 USB Powered Development  board\Codes\RTC UART0\RTC_UART0.uvproj
Project File Date:  04/08/2015

<h2>Output:</h2>
Build target 'Target 1'
assembling Startup.s...
compiling main.c...
main.c(110): warning:  #177-D: variable "i" was declared but never referenced
linking...
Program Size: Code=1860 RO-data=32 RW-data=16 ZI-data=1256  
FromELF: creating hex file...
User command #1: fromelf --bin .\RTC_UART0.axf -o .\RTC_UART0.bin
"RTC_UART0.axf" - 0 Error(s), 1 Warning(s).
