<html>
<body>
<pre>
<h1>µVision Build Log</h1>
<h2>Project:</h2>
D:\Testing\LPC2148 USB Powered Development  board\Codes\LCD INTERFACING\LCD_INTERFACING.uvproj
Project File Date:  04/08/2015

<h2>Output:</h2>
Build target 'Target 1'
assembling Startup.s...
compiling main.c...
linking...
Program Size: Code=1632 RO-data=32 RW-data=32 ZI-data=1256  
FromELF: creating hex file...
User command #1: fromelf --bin .\LCD_INTERFACING.axf -o .\LCD_INTERFACING.bin
"LCD_INTERFACING.axf" - 0 Error(s), 0 Warning(s).
