<html>
<body>
<pre>
<h1>µVision Build Log</h1>
<h2>Project:</h2>
D:\Testing\LPC2148 USB Powered Development  board\Codes\XBEE WIRELESS COMM\XBEE_WIRELESS_COMM.uvproj
Project File Date:  04/08/2015

<h2>Output:</h2>
Build target 'Target 1'
assembling Startup.s...
compiling main.c...
main.c(137): warning:  #111-D: statement is unreachable
main.c(138): warning:  #1-D: last line of file ends without a newline
linking...
Program Size: Code=1020 RO-data=132 RW-data=0 ZI-data=1256  
FromELF: creating hex file...
User command #1: fromelf --bin .\XBEE_WIRELESS_COMM.axf -o .\XBEE_WIRELESS_COMM.bin
"XBEE_WIRELESS_COMM.axf" - 0 Error(s), 2 Warning(s).
