<html>
<body>
<pre>
<h1>µVision Build Log</h1>
<h2>Project:</h2>
D:\Testing\LPC2148 USB Powered Development  board\Codes\I2C EEPROM\I2C_EEPROM.uvproj
Project File Date:  04/08/2015

<h2>Output:</h2>
Build target 'Target 1'
assembling Startup.s...
compiling main.c...
linking...
Program Size: Code=2176 RO-data=32 RW-data=20 ZI-data=1276  
FromELF: creating hex file...
User command #1: fromelf --bin .\I2C_EEPROM.axf -o .\I2C_EEPROM.bin
"I2C_EEPROM.axf" - 0 Error(s), 0 Warning(s).
Build target 'Target 1'
linking...
Program Size: Code=2176 RO-data=32 RW-data=20 ZI-data=1276  
FromELF: creating hex file...
User command #1: fromelf --bin .\I2C_EEPROM.axf -o .\I2C_EEPROM.bin
"I2C_EEPROM.axf" - 0 Error(s), 0 Warning(s).
Build target 'Target 1'
assembling Startup.s...
compiling main.c...
linking...
Program Size: Code=2176 RO-data=32 RW-data=20 ZI-data=1276  
FromELF: creating hex file...
User command #1: fromelf --bin .\I2C_EEPROM.axf -o .\I2C_EEPROM.bin
"I2C_EEPROM.axf" - 0 Error(s), 0 Warning(s).
Build target 'Target 1'
assembling Startup.s...
compiling main.c...
linking...
Program Size: Code=2176 RO-data=32 RW-data=20 ZI-data=1276  
FromELF: creating hex file...
User command #1: fromelf --bin .\I2C_EEPROM.axf -o .\I2C_EEPROM.bin
"I2C_EEPROM.axf" - 0 Error(s), 0 Warning(s).
